2025-04-12 03:14:05.444+0000 INFO  Logging config in use: Embedded default config 'default-user-logs.xml'
2025-04-12 03:14:05.449+0000 INFO  Starting...
2025-04-12 03:14:06.511+0000 INFO  This instance is ServerId{da816d0a} (da816d0a-1e8a-464a-b408-79f096fe1e05)
2025-04-12 03:14:07.128+0000 INFO  Neo4j Server shutdown initiated by request
2025-04-12 03:14:07.130+0000 INFO  Stopped.
2025-04-12 03:17:53.183+0000 INFO  Logging config in use: Embedded default config 'default-user-logs.xml'
2025-04-12 03:17:53.189+0000 INFO  Starting...
2025-04-12 03:17:54.060+0000 INFO  This instance is ServerId{da816d0a} (da816d0a-1e8a-464a-b408-79f096fe1e05)
2025-04-12 03:17:55.148+0000 INFO  ======== Neo4j 5.26.0 ========
2025-04-12 03:17:57.477+0000 INFO  Anonymous Usage Data is being sent to Neo4j, see https://neo4j.com/docs/usage-data/
2025-04-12 03:17:57.556+0000 INFO  Bolt enabled on 0.0.0.0:7687.
2025-04-12 03:17:58.250+0000 INFO  HTTP enabled on 0.0.0.0:7474.
2025-04-12 03:17:58.252+0000 INFO  Remote interface available at http://localhost:7474/
2025-04-12 03:17:58.256+0000 INFO  id: 49CF2D8D3B7FD70C07A508DFEE8558ED67C621E30E97645DEE538D5C0BD578FA
2025-04-12 03:17:58.258+0000 INFO  name: system
2025-04-12 03:17:58.260+0000 INFO  creationDate: 2025-04-12T03:17:56.314Z
2025-04-12 03:17:58.262+0000 INFO  Started.
2025-04-12 03:24:58.726+0000 INFO  Neo4j Server shutdown initiated by request
2025-04-12 03:24:58.730+0000 INFO  Stopping...
2025-04-12 03:25:04.117+0000 INFO  Stopped.
2025-04-12 03:25:44.113+0000 INFO  Logging config in use: Embedded default config 'default-user-logs.xml'
2025-04-12 03:25:44.120+0000 INFO  Starting...
2025-04-12 03:25:44.995+0000 INFO  This instance is ServerId{da816d0a} (da816d0a-1e8a-464a-b408-79f096fe1e05)
2025-04-12 03:25:46.095+0000 INFO  ======== Neo4j 5.26.0 ========
2025-04-12 03:25:46.345+0000 INFO  GDS license file: null
2025-04-12 03:25:46.347+0000 INFO  GDS license state: unlicensed
2025-04-12 03:25:46.350+0000 INFO  Prometheus: disabled
2025-04-12 03:25:46.351+0000 WARN  GDS metrics disabled
2025-04-12 03:25:46.362+0000 INFO  Progress tracking: enabled
2025-04-12 03:25:46.364+0000 INFO  Memory usage guard: minimum estimate
2025-04-12 03:25:46.371+0000 INFO  Register GDS Memory Facade...
2025-04-12 03:25:46.373+0000 INFO  GDS Memory Facade registered.
2025-04-12 03:25:46.383+0000 INFO  Building Graph Data Science extension...
2025-04-12 03:25:46.391+0000 INFO  Register Graph Data Science...
2025-04-12 03:25:46.393+0000 INFO  Graph Data Science registered.
2025-04-12 03:25:46.395+0000 INFO  Register Metrics...
2025-04-12 03:25:46.397+0000 INFO  Metrics registered.
2025-04-12 03:25:46.399+0000 INFO  Register Model Catalog...
2025-04-12 03:25:46.401+0000 INFO  Model Catalog registered.
2025-04-12 03:25:46.404+0000 INFO  Register Task Registry Factory...
2025-04-12 03:25:46.406+0000 INFO  Task Registry Factory registered.
2025-04-12 03:25:46.408+0000 INFO  Register Task Store...
2025-04-12 03:25:46.410+0000 INFO  Task Store registered.
2025-04-12 03:25:46.412+0000 INFO  Register User Log Registry Factory...
2025-04-12 03:25:46.413+0000 INFO  User Log Registry Factory registered.
2025-04-12 03:25:46.415+0000 INFO  Graph Data Science extension built.
2025-04-12 03:25:46.416+0000 INFO  Building Graph Data Science Extras extension...
2025-04-12 03:25:46.419+0000 INFO  Register Graph Data Science Extras...
2025-04-12 03:25:46.422+0000 INFO  Graph Data Science Extras registered.
2025-04-12 03:25:46.423+0000 INFO  Graph Data Science Extras extension built.
2025-04-12 03:26:04.860+0000 INFO  Anonymous Usage Data is being sent to Neo4j, see https://neo4j.com/docs/usage-data/
2025-04-12 03:26:05.168+0000 INFO  Bolt enabled on 0.0.0.0:7687.
2025-04-12 03:26:06.067+0000 INFO  HTTP enabled on 0.0.0.0:7474.
2025-04-12 03:26:06.068+0000 INFO  Remote interface available at http://localhost:7474/
2025-04-12 03:26:06.073+0000 INFO  id: 49CF2D8D3B7FD70C07A508DFEE8558ED67C621E30E97645DEE538D5C0BD578FA
2025-04-12 03:26:06.075+0000 INFO  name: system
2025-04-12 03:26:06.076+0000 INFO  creationDate: 2025-04-12T03:17:56.314Z
2025-04-12 03:26:06.078+0000 INFO  Started.
2025-04-12 03:26:44.322+0000 INFO  Neo4j Server shutdown initiated by request
2025-04-12 03:26:44.324+0000 INFO  Stopping...
2025-04-12 03:34:08.042+0000 INFO  Logging config in use: Embedded default config 'default-user-logs.xml'
2025-04-12 03:34:08.051+0000 INFO  Starting...
2025-04-12 03:34:08.950+0000 INFO  This instance is ServerId{da816d0a} (da816d0a-1e8a-464a-b408-79f096fe1e05)
2025-04-12 03:34:10.050+0000 INFO  ======== Neo4j 5.26.0 ========
2025-04-12 03:34:10.299+0000 INFO  GDS license file: null
2025-04-12 03:34:10.301+0000 INFO  GDS license state: unlicensed
2025-04-12 03:34:10.304+0000 INFO  Prometheus: disabled
2025-04-12 03:34:10.305+0000 WARN  GDS metrics disabled
2025-04-12 03:34:10.316+0000 INFO  Progress tracking: enabled
2025-04-12 03:34:10.318+0000 INFO  Memory usage guard: minimum estimate
2025-04-12 03:34:10.326+0000 INFO  Register GDS Memory Facade...
2025-04-12 03:34:10.328+0000 INFO  GDS Memory Facade registered.
2025-04-12 03:34:10.338+0000 INFO  Building Graph Data Science extension...
2025-04-12 03:34:10.344+0000 INFO  Register Graph Data Science...
2025-04-12 03:34:10.346+0000 INFO  Graph Data Science registered.
2025-04-12 03:34:10.348+0000 INFO  Register Metrics...
2025-04-12 03:34:10.350+0000 INFO  Metrics registered.
2025-04-12 03:34:10.352+0000 INFO  Register Model Catalog...
2025-04-12 03:34:10.353+0000 INFO  Model Catalog registered.
2025-04-12 03:34:10.357+0000 INFO  Register Task Registry Factory...
2025-04-12 03:34:10.360+0000 INFO  Task Registry Factory registered.
2025-04-12 03:34:10.362+0000 INFO  Register Task Store...
2025-04-12 03:34:10.364+0000 INFO  Task Store registered.
2025-04-12 03:34:10.366+0000 INFO  Register User Log Registry Factory...
2025-04-12 03:34:10.368+0000 INFO  User Log Registry Factory registered.
2025-04-12 03:34:10.369+0000 INFO  Graph Data Science extension built.
2025-04-12 03:34:10.371+0000 INFO  Building Graph Data Science Extras extension...
2025-04-12 03:34:10.374+0000 INFO  Register Graph Data Science Extras...
2025-04-12 03:34:10.375+0000 INFO  Graph Data Science Extras registered.
2025-04-12 03:34:10.377+0000 INFO  Graph Data Science Extras extension built.
2025-04-12 03:34:28.490+0000 INFO  Anonymous Usage Data is being sent to Neo4j, see https://neo4j.com/docs/usage-data/
2025-04-12 03:34:28.550+0000 INFO  Bolt enabled on 0.0.0.0:7687.
2025-04-12 03:34:29.359+0000 INFO  HTTP enabled on 0.0.0.0:7474.
2025-04-12 03:34:29.361+0000 INFO  Remote interface available at http://localhost:7474/
2025-04-12 03:34:29.366+0000 INFO  id: 49CF2D8D3B7FD70C07A508DFEE8558ED67C621E30E97645DEE538D5C0BD578FA
2025-04-12 03:34:29.368+0000 INFO  name: system
2025-04-12 03:34:29.369+0000 INFO  creationDate: 2025-04-12T03:17:56.314Z
2025-04-12 03:34:29.370+0000 INFO  Started.
2025-04-12 03:35:46.837+0000 INFO  Neo4j Server shutdown initiated by request
2025-04-12 03:35:46.839+0000 INFO  Stopping...
2025-04-12 03:36:06.566+0000 INFO  Logging config in use: Embedded default config 'default-user-logs.xml'
2025-04-12 03:36:06.572+0000 INFO  Starting...
2025-04-12 03:36:07.473+0000 INFO  This instance is ServerId{da816d0a} (da816d0a-1e8a-464a-b408-79f096fe1e05)
2025-04-12 03:36:08.614+0000 INFO  ======== Neo4j 5.26.0 ========
2025-04-12 03:36:08.883+0000 INFO  GDS license file: null
2025-04-12 03:36:08.885+0000 INFO  GDS license state: unlicensed
2025-04-12 03:36:08.888+0000 INFO  Prometheus: disabled
2025-04-12 03:36:08.890+0000 WARN  GDS metrics disabled
2025-04-12 03:36:08.901+0000 INFO  Progress tracking: enabled
2025-04-12 03:36:08.903+0000 INFO  Memory usage guard: minimum estimate
2025-04-12 03:36:08.910+0000 INFO  Register GDS Memory Facade...
2025-04-12 03:36:08.911+0000 INFO  GDS Memory Facade registered.
2025-04-12 03:36:08.921+0000 INFO  Building Graph Data Science extension...
2025-04-12 03:36:08.930+0000 INFO  Register Graph Data Science...
2025-04-12 03:36:08.932+0000 INFO  Graph Data Science registered.
2025-04-12 03:36:08.934+0000 INFO  Register Metrics...
2025-04-12 03:36:08.936+0000 INFO  Metrics registered.
2025-04-12 03:36:08.938+0000 INFO  Register Model Catalog...
2025-04-12 03:36:08.940+0000 INFO  Model Catalog registered.
2025-04-12 03:36:08.941+0000 INFO  Register Task Registry Factory...
2025-04-12 03:36:08.943+0000 INFO  Task Registry Factory registered.
2025-04-12 03:36:08.944+0000 INFO  Register Task Store...
2025-04-12 03:36:08.946+0000 INFO  Task Store registered.
2025-04-12 03:36:08.948+0000 INFO  Register User Log Registry Factory...
2025-04-12 03:36:08.949+0000 INFO  User Log Registry Factory registered.
2025-04-12 03:36:08.951+0000 INFO  Graph Data Science extension built.
2025-04-12 03:36:08.952+0000 INFO  Building Graph Data Science Extras extension...
2025-04-12 03:36:08.955+0000 INFO  Register Graph Data Science Extras...
2025-04-12 03:36:08.957+0000 INFO  Graph Data Science Extras registered.
2025-04-12 03:36:08.959+0000 INFO  Graph Data Science Extras extension built.
2025-04-12 03:36:28.204+0000 INFO  Anonymous Usage Data is being sent to Neo4j, see https://neo4j.com/docs/usage-data/
2025-04-12 03:36:28.303+0000 INFO  Bolt enabled on 0.0.0.0:7687.
2025-04-12 03:36:29.456+0000 INFO  HTTP enabled on 0.0.0.0:7474.
2025-04-12 03:36:29.459+0000 INFO  Remote interface available at http://localhost:7474/
2025-04-12 03:36:29.466+0000 INFO  id: 49CF2D8D3B7FD70C07A508DFEE8558ED67C621E30E97645DEE538D5C0BD578FA
2025-04-12 03:36:29.468+0000 INFO  name: system
2025-04-12 03:36:29.469+0000 INFO  creationDate: 2025-04-12T03:17:56.314Z
2025-04-12 03:36:29.472+0000 INFO  Started.
2025-04-12 03:38:14.756+0000 INFO  Neo4j Server shutdown initiated by request
2025-04-12 03:38:14.757+0000 INFO  Stopping...
